
> admin-dash@0.1.0 build
> next build

node.exe : ÔÜá Warning: Next.js 
inferred your workspace root, but 
it may not be correct.
No linha:1 caractere:1
+ & "C:\Program 
Files\nodejs/node.exe" 
"C:\Program Files\nodejs/node_mo 
...
+ ~~~~~~~~~~~~~~~~~~~~~~~~~~~~~~~~
~~~~~~~~~~~~~~~~~~~~~~~~~~~~~~~~~~
~~~
    + CategoryInfo          : Not 
   Specified: (ÔÜá Warning: Ne..  
  .not be correct.:String) [],    
 RemoteException
    + FullyQualifiedErrorId : Nat 
   iveCommandError
 
 We detected multiple lockfiles 
and selected the directory of 
C:\PANDOLFO\package-lock.json as 
the root directory.
 To silence this warning, set 
`turbopack.root` in your Next.js 
config, or consider removing one 
of the lockfiles if it's not 
needed.
   See https://nextjs.org/docs/app
/api-reference/config/next-config-
js/turbopack#root-directory for 
more information.
 Detected additional lockfiles: 
   * C:\PANDOLFO\SITE RCC 
DIOCESE\package-lock.json

Ôû▓ Next.js 16.1.6 (Turbopack)
- Environments: .env.local

  Creating an optimized production build ...
Ô£ô Compiled successfully in 12.1s
  Running TypeScript ...
  Collecting page data using 3 workers ...
  Generating static pages using 3 workers (0/29) ...
  Generating static pages using 3 workers (7/29) 
  Generating static pages using 3 workers (14/29) 
  Generating static pages using 3 workers (21/29) 
Ô£ô Generating static pages using 3 workers (29/29) in 2.2s
  Finalizing page optimization ...

Route (app)                           Revalidate  Expire
Ôöî ãÆ /
Ôö£ Ôùï /_not-found
Ôö£ Ôùï /a-rcc
Ôö£ Ôùï /admin/dashboard
Ôö£ Ôùï /admin/dashboard/banners
Ôö£ Ôùï /admin/dashboard/calendario
Ôö£ Ôùï /admin/dashboard/configuracoes
Ôö£ Ôùï /admin/dashboard/conselho
Ôö£ Ôùï /admin/dashboard/eventos
Ôö£ Ôùï /admin/dashboard/festa-rei-jesus
Ôö£ Ôùï /admin/dashboard/grupos
Ôö£ Ôùï /admin/dashboard/ministerios
Ôö£ Ôùï /admin/dashboard/noticias
Ôö£ ãÆ /admin/dashboard/pedidos
Ôö£ Ôùï /admin/login
Ôö£ Ôùï /admin/status
Ôö£ ãÆ /api/import
Ôö£ ãÆ /api/mcp
Ôö£ ãÆ /api/n8n/sync-events
Ôö£ ãÆ /api/prayer
Ôö£ ãÆ /api/prayer-request
Ôö£ Ôùï /blog                                     1m      1y
Ôö£ ãÆ /blog/[slug]
Ôö£ Ôùï /calendario
Ôö£ Ôùï /contato
Ôö£ Ôùï /eventos                                  1m      1y
Ôö£ ãÆ /eventos/[id]
Ôö£ Ôùï /festa-rei-jesus
Ôö£ Ôùï /grupos
Ôö£ Ôùï /ministerios
Ôö£ Ôùï /quem-somos
Ôöö Ôùï /quem-somos/conselho


Ôùï  (Static)   prerendered as static content
ãÆ  (Dynamic)  server-rendered on demand

